127.0.0.1 - - [20/Jul/2022:09:11:15 +0800] "GET / HTTP/1.1" 404 751
127.0.0.1 - - [20/Jul/2022:10:00:28 +0800] "GET / HTTP/1.1" 404 751
0:0:0:0:0:0:0:1 - - [20/Jul/2022:10:00:28 +0800] "GET /D2/ HTTP/1.1" 404 758
0:0:0:0:0:0:0:1 - - [20/Jul/2022:10:00:28 +0800] "GET /favicon.ico HTTP/1.1" 404 762
127.0.0.1 - - [20/Jul/2022:10:01:58 +0800] "GET / HTTP/1.1" 404 751
127.0.0.1 - - [20/Jul/2022:10:07:08 +0800] "GET / HTTP/1.1" 404 751
0:0:0:0:0:0:0:1 - - [20/Jul/2022:10:07:18 +0800] "GET /D2/ HTTP/1.1" 404 758
0:0:0:0:0:0:0:1 - - [20/Jul/2022:10:07:18 +0800] "GET /favicon.ico HTTP/1.1" 404 762
127.0.0.1 - - [20/Jul/2022:10:09:17 +0800] "GET / HTTP/1.1" 404 751
0:0:0:0:0:0:0:1 - - [20/Jul/2022:10:09:18 +0800] "GET /D2/s1 HTTP/1.1" 200 7
0:0:0:0:0:0:0:1 - - [20/Jul/2022:10:09:18 +0800] "GET /favicon.ico HTTP/1.1" 404 762
127.0.0.1 - - [20/Jul/2022:10:36:58 +0800] "GET / HTTP/1.1" 404 751
0:0:0:0:0:0:0:1 - - [20/Jul/2022:10:36:58 +0800] "GET /D2/s1 HTTP/1.1" 200 7
127.0.0.1 - - [20/Jul/2022:10:37:46 +0800] "GET / HTTP/1.1" 404 751
0:0:0:0:0:0:0:1 - - [20/Jul/2022:10:37:46 +0800] "GET /D2/s1 HTTP/1.1" 200 7
127.0.0.1 - - [20/Jul/2022:11:13:43 +0800] "GET / HTTP/1.1" 404 751
0:0:0:0:0:0:0:1 - - [20/Jul/2022:11:13:43 +0800] "GET /D2/s1 HTTP/1.1" 200 7
127.0.0.1 - - [20/Jul/2022:11:14:09 +0800] "GET / HTTP/1.1" 404 751
0:0:0:0:0:0:0:1 - - [20/Jul/2022:11:14:09 +0800] "GET /D2/s1 HTTP/1.1" 200 7
127.0.0.1 - - [20/Jul/2022:11:27:48 +0800] "GET / HTTP/1.1" 404 751
0:0:0:0:0:0:0:1 - - [20/Jul/2022:11:27:49 +0800] "GET /D2/s1 HTTP/1.1" 200 7
0:0:0:0:0:0:0:1 - - [20/Jul/2022:11:40:24 +0800] "GET /D2/s1 HTTP/1.1" 200 7
127.0.0.1 - - [20/Jul/2022:11:40:35 +0800] "GET / HTTP/1.1" 404 751
0:0:0:0:0:0:0:1 - - [20/Jul/2022:11:40:36 +0800] "GET /D2/s1 HTTP/1.1" 200 7
0:0:0:0:0:0:0:1 - - [20/Jul/2022:11:42:28 +0800] "GET /D2/s1 HTTP/1.1" 200 7
127.0.0.1 - - [20/Jul/2022:11:42:37 +0800] "GET / HTTP/1.1" 404 751
0:0:0:0:0:0:0:1 - - [20/Jul/2022:11:42:37 +0800] "GET /D2/s1 HTTP/1.1" 200 7
127.0.0.1 - - [20/Jul/2022:12:02:25 +0800] "GET / HTTP/1.1" 404 751
0:0:0:0:0:0:0:1 - - [20/Jul/2022:12:02:25 +0800] "GET /D2/s1 HTTP/1.1" 200 7
127.0.0.1 - - [20/Jul/2022:12:03:16 +0800] "GET / HTTP/1.1" 404 751
0:0:0:0:0:0:0:1 - - [20/Jul/2022:12:03:16 +0800] "GET /D2/s1 HTTP/1.1" 200 7
127.0.0.1 - - [20/Jul/2022:12:11:13 +0800] "GET / HTTP/1.1" 404 751
0:0:0:0:0:0:0:1 - - [20/Jul/2022:12:11:13 +0800] "GET /D2/s1 HTTP/1.1" 200 7
127.0.0.1 - - [20/Jul/2022:12:11:52 +0800] "GET / HTTP/1.1" 404 751
0:0:0:0:0:0:0:1 - - [20/Jul/2022:12:11:52 +0800] "GET /D2/s1 HTTP/1.1" 200 7
127.0.0.1 - - [20/Jul/2022:13:29:26 +0800] "GET / HTTP/1.1" 404 751
0:0:0:0:0:0:0:1 - - [20/Jul/2022:13:29:27 +0800] "GET /D3/ HTTP/1.1" 404 758
127.0.0.1 - - [20/Jul/2022:13:30:09 +0800] "GET / HTTP/1.1" 404 751
0:0:0:0:0:0:0:1 - - [20/Jul/2022:13:30:10 +0800] "GET /D3/ HTTP/1.1" 404 758
127.0.0.1 - - [20/Jul/2022:13:49:46 +0800] "GET / HTTP/1.1" 404 751
0:0:0:0:0:0:0:1 - - [20/Jul/2022:13:49:55 +0800] "GET /D3/s1 HTTP/1.1" 200 -
0:0:0:0:0:0:0:1 - - [20/Jul/2022:13:50:00 +0800] "GET /D3/servlet/tw.edu.hfu.servlet.Servlet2 HTTP/1.1" 404 797
127.0.0.1 - - [20/Jul/2022:13:50:27 +0800] "GET / HTTP/1.1" 404 751
127.0.0.1 - - [20/Jul/2022:13:51:55 +0800] "GET / HTTP/1.1" 404 751
0:0:0:0:0:0:0:1 - - [20/Jul/2022:13:51:56 +0800] "GET /D3/s1 HTTP/1.1" 200 -
127.0.0.1 - - [20/Jul/2022:13:52:17 +0800] "GET / HTTP/1.1" 404 751
127.0.0.1 - - [20/Jul/2022:13:52:33 +0800] "GET / HTTP/1.1" 404 751
0:0:0:0:0:0:0:1 - - [20/Jul/2022:13:52:33 +0800] "GET /D3/s1 HTTP/1.1" 200 -
127.0.0.1 - - [20/Jul/2022:13:53:28 +0800] "GET / HTTP/1.1" 404 751
0:0:0:0:0:0:0:1 - - [20/Jul/2022:13:53:34 +0800] "GET /D3/s1 HTTP/1.1" 200 -
0:0:0:0:0:0:0:1 - - [20/Jul/2022:13:53:38 +0800] "GET /D3/s2 HTTP/1.1" 200 -
127.0.0.1 - - [20/Jul/2022:13:54:51 +0800] "GET / HTTP/1.1" 404 751
127.0.0.1 - - [20/Jul/2022:14:05:33 +0800] "GET / HTTP/1.1" 404 751
0:0:0:0:0:0:0:1 - - [20/Jul/2022:14:05:34 +0800] "GET /D3/s1 HTTP/1.1" 200 -
127.0.0.1 - - [20/Jul/2022:14:06:02 +0800] "GET / HTTP/1.1" 404 751
0:0:0:0:0:0:0:1 - - [20/Jul/2022:14:06:05 +0800] "GET /D3/s1 HTTP/1.1" 200 -
127.0.0.1 - - [20/Jul/2022:14:06:18 +0800] "GET / HTTP/1.1" 404 751
0:0:0:0:0:0:0:1 - - [20/Jul/2022:14:06:18 +0800] "GET /D3/s1 HTTP/1.1" 200 -
127.0.0.1 - - [20/Jul/2022:14:07:10 +0800] "GET / HTTP/1.1" 404 751
0:0:0:0:0:0:0:1 - - [20/Jul/2022:14:07:11 +0800] "GET /D3/s1 HTTP/1.1" 200 -
127.0.0.1 - - [20/Jul/2022:14:07:39 +0800] "GET / HTTP/1.1" 404 751
0:0:0:0:0:0:0:1 - - [20/Jul/2022:14:07:40 +0800] "GET /D3/s1 HTTP/1.1" 200 -
127.0.0.1 - - [20/Jul/2022:14:08:07 +0800] "GET / HTTP/1.1" 404 751
0:0:0:0:0:0:0:1 - - [20/Jul/2022:14:08:07 +0800] "GET /D3/s1 HTTP/1.1" 200 -
127.0.0.1 - - [20/Jul/2022:14:17:36 +0800] "GET / HTTP/1.1" 404 751
0:0:0:0:0:0:0:1 - - [20/Jul/2022:14:17:36 +0800] "GET /D3/s1 HTTP/1.1" 200 -
127.0.0.1 - - [20/Jul/2022:14:18:02 +0800] "GET / HTTP/1.1" 404 751
0:0:0:0:0:0:0:1 - - [20/Jul/2022:14:18:02 +0800] "GET /D3/s1 HTTP/1.1" 200 -
127.0.0.1 - - [20/Jul/2022:14:18:19 +0800] "GET / HTTP/1.1" 404 751
0:0:0:0:0:0:0:1 - - [20/Jul/2022:14:18:19 +0800] "GET /D3/s1 HTTP/1.1" 200 -
127.0.0.1 - - [20/Jul/2022:14:18:34 +0800] "GET / HTTP/1.1" 404 751
0:0:0:0:0:0:0:1 - - [20/Jul/2022:14:18:34 +0800] "GET /D3/s1 HTTP/1.1" 200 -
127.0.0.1 - - [20/Jul/2022:14:19:12 +0800] "GET / HTTP/1.1" 404 751
0:0:0:0:0:0:0:1 - - [20/Jul/2022:14:19:12 +0800] "GET /D3/s1 HTTP/1.1" 200 -
0:0:0:0:0:0:0:1 - - [20/Jul/2022:14:19:34 +0800] "GET /D3/s1 HTTP/1.1" 200 -
127.0.0.1 - - [20/Jul/2022:14:19:44 +0800] "GET / HTTP/1.1" 404 751
0:0:0:0:0:0:0:1 - - [20/Jul/2022:14:19:44 +0800] "GET /D3/s1 HTTP/1.1" 200 -
127.0.0.1 - - [20/Jul/2022:14:20:02 +0800] "GET / HTTP/1.1" 404 751
0:0:0:0:0:0:0:1 - - [20/Jul/2022:14:20:03 +0800] "GET /D3/s1 HTTP/1.1" 200 -
127.0.0.1 - - [20/Jul/2022:14:42:44 +0800] "GET / HTTP/1.1" 404 751
0:0:0:0:0:0:0:1 - - [20/Jul/2022:14:42:44 +0800] "GET /D3/s3 HTTP/1.1" 200 -
0:0:0:0:0:0:0:1 - - [20/Jul/2022:14:43:00 +0800] "GET /D3/s3 HTTP/1.1" 200 -
127.0.0.1 - - [20/Jul/2022:14:43:07 +0800] "GET / HTTP/1.1" 404 751
0:0:0:0:0:0:0:1 - - [20/Jul/2022:14:43:07 +0800] "GET /D3/s3 HTTP/1.1" 405 751
0:0:0:0:0:0:0:1 - - [20/Jul/2022:14:43:35 +0800] "GET /D3/s3 HTTP/1.1" 405 751
127.0.0.1 - - [20/Jul/2022:14:43:51 +0800] "GET / HTTP/1.1" 404 751
0:0:0:0:0:0:0:1 - - [20/Jul/2022:14:43:52 +0800] "GET /D3/s3 HTTP/1.1" 405 751
127.0.0.1 - - [20/Jul/2022:14:46:11 +0800] "GET / HTTP/1.1" 404 751
0:0:0:0:0:0:0:1 - - [20/Jul/2022:14:46:11 +0800] "GET /D3/s3 HTTP/1.1" 200 -
127.0.0.1 - - [20/Jul/2022:14:51:23 +0800] "GET / HTTP/1.1" 404 751
0:0:0:0:0:0:0:1 - - [20/Jul/2022:14:51:24 +0800] "GET /D3/s3 HTTP/1.1" 405 751
127.0.0.1 - - [20/Jul/2022:14:51:40 +0800] "GET / HTTP/1.1" 404 751
0:0:0:0:0:0:0:1 - - [20/Jul/2022:14:51:40 +0800] "GET /D3/s3 HTTP/1.1" 200 -
0:0:0:0:0:0:0:1 - - [20/Jul/2022:15:01:16 +0800] "GET /D3/ HTTP/1.1" 200 824
0:0:0:0:0:0:0:1 - - [20/Jul/2022:15:01:18 +0800] "GET /D3/s3?un=&ok=%E6%8F%90%E4%BA%A4 HTTP/1.1" 200 -
127.0.0.1 - - [20/Jul/2022:15:01:38 +0800] "GET / HTTP/1.1" 404 751
0:0:0:0:0:0:0:1 - - [20/Jul/2022:15:01:39 +0800] "GET /D3/index.html HTTP/1.1" 200 824
0:0:0:0:0:0:0:1 - - [20/Jul/2022:15:01:44 +0800] "GET /D3/s3?un=&ok=%E6%8F%90%E4%BA%A4 HTTP/1.1" 200 -
0:0:0:0:0:0:0:1 - - [20/Jul/2022:15:05:19 +0800] "GET /D3/ HTTP/1.1" 200 817
0:0:0:0:0:0:0:1 - - [20/Jul/2022:15:05:22 +0800] "POST /D3/s3 HTTP/1.1" 200 -
127.0.0.1 - - [20/Jul/2022:15:05:45 +0800] "GET / HTTP/1.1" 404 751
0:0:0:0:0:0:0:1 - - [20/Jul/2022:15:05:46 +0800] "GET /D3/ HTTP/1.1" 304 -
0:0:0:0:0:0:0:1 - - [20/Jul/2022:15:05:47 +0800] "POST /D3/s3 HTTP/1.1" 200 -
127.0.0.1 - - [20/Jul/2022:15:31:36 +0800] "GET / HTTP/1.1" 404 751
0:0:0:0:0:0:0:1 - - [20/Jul/2022:15:31:37 +0800] "GET /D3/ HTTP/1.1" 200 817
0:0:0:0:0:0:0:1 - - [20/Jul/2022:15:31:37 +0800] "POST /D3/s4 HTTP/1.1" 200 -
0:0:0:0:0:0:0:1 - - [20/Jul/2022:15:31:48 +0800] "GET /D3/index.html HTTP/1.1" 200 816
0:0:0:0:0:0:0:1 - - [20/Jul/2022:15:31:48 +0800] "GET /favicon.ico HTTP/1.1" 404 762
0:0:0:0:0:0:0:1 - - [20/Jul/2022:15:31:51 +0800] "GET /D3/index.html HTTP/1.1" 304 -
0:0:0:0:0:0:0:1 - - [20/Jul/2022:15:31:52 +0800] "GET /favicon.ico HTTP/1.1" 404 762
0:0:0:0:0:0:0:1 - - [20/Jul/2022:15:31:57 +0800] "GET /D3/ HTTP/1.1" 200 816
0:0:0:0:0:0:0:1 - - [20/Jul/2022:15:31:57 +0800] "GET /favicon.ico HTTP/1.1" 404 762
0:0:0:0:0:0:0:1 - - [20/Jul/2022:15:31:58 +0800] "GET /D3/s4?un=&ok=%E6%8F%90%E4%BA%A4 HTTP/1.1" 200 -
127.0.0.1 - - [20/Jul/2022:15:43:28 +0800] "GET / HTTP/1.1" 404 751
0:0:0:0:0:0:0:1 - - [20/Jul/2022:15:43:28 +0800] "GET /D3/s4 HTTP/1.1" 500 3764
127.0.0.1 - - [20/Jul/2022:15:46:05 +0800] "GET / HTTP/1.1" 404 751
0:0:0:0:0:0:0:1 - - [20/Jul/2022:15:46:06 +0800] "GET /D3/ HTTP/1.1" 304 -
0:0:0:0:0:0:0:1 - - [20/Jul/2022:15:46:07 +0800] "GET /D3/s4?un=&ok=%E6%8F%90%E4%BA%A4 HTTP/1.1" 200 -
127.0.0.1 - - [20/Jul/2022:16:03:41 +0800] "GET / HTTP/1.1" 404 751
0:0:0:0:0:0:0:1 - - [20/Jul/2022:16:03:41 +0800] "GET /D3/s5 HTTP/1.1" 200 7
0:0:0:0:0:0:0:1 - - [20/Jul/2022:16:15:54 +0800] "GET /D3/s1 HTTP/1.1" 200 -
0:0:0:0:0:0:0:1 - - [20/Jul/2022:16:15:57 +0800] "GET /D3/s5 HTTP/1.1" 200 7
127.0.0.1 - - [20/Jul/2022:16:16:28 +0800] "GET / HTTP/1.1" 200 816
0:0:0:0:0:0:0:1 - - [20/Jul/2022:16:16:36 +0800] "GET /D3/s1 HTTP/1.1" 404 760
0:0:0:0:0:0:0:1 - - [20/Jul/2022:16:16:38 +0800] "GET / HTTP/1.1" 200 816
0:0:0:0:0:0:0:1 - - [20/Jul/2022:16:16:41 +0800] "GET /s4 HTTP/1.1" 200 -
0:0:0:0:0:0:0:1 - - [20/Jul/2022:16:16:44 +0800] "GET /s5 HTTP/1.1" 200 4
127.0.0.1 - - [20/Jul/2022:16:24:49 +0800] "GET / HTTP/1.1" 404 751
0:0:0:0:0:0:0:1 - - [20/Jul/2022:16:24:49 +0800] "GET /D3/index.html HTTP/1.1" 404 768
0:0:0:0:0:0:0:1 - - [20/Jul/2022:16:24:54 +0800] "GET /index.html HTTP/1.1" 404 761
127.0.0.1 - - [20/Jul/2022:16:25:08 +0800] "GET / HTTP/1.1" 404 751
0:0:0:0:0:0:0:1 - - [20/Jul/2022:16:25:09 +0800] "GET /D3/index.html HTTP/1.1" 200 816
127.0.0.1 - - [20/Jul/2022:16:25:25 +0800] "GET / HTTP/1.1" 200 816
0:0:0:0:0:0:0:1 - - [20/Jul/2022:16:25:25 +0800] "GET /index.html HTTP/1.1" 200 816
127.0.0.1 - - [20/Jul/2022:16:26:35 +0800] "GET / HTTP/1.1" 200 816
0:0:0:0:0:0:0:1 - - [20/Jul/2022:16:26:44 +0800] "GET /index.html HTTP/1.1" 304 -
0:0:0:0:0:0:0:1 - - [20/Jul/2022:16:28:38 +0800] "GET /index.html HTTP/1.1" 304 -
192.168.31.122 - - [20/Jul/2022:16:29:26 +0800] "GET /WebDay3/index.html HTTP/1.1" 404 773
192.168.31.122 - - [20/Jul/2022:16:29:26 +0800] "GET /favicon.ico HTTP/1.1" 404 762
0:0:0:0:0:0:0:1 - - [20/Jul/2022:16:44:07 +0800] "GET /Product.html HTTP/1.1" 200 868
0:0:0:0:0:0:0:1 - - [20/Jul/2022:16:45:09 +0800] "GET /Product.html HTTP/1.1" 200 917
0:0:0:0:0:0:0:1 - - [20/Jul/2022:16:45:20 +0800] "GET /Product.html HTTP/1.1" 200 925
0:0:0:0:0:0:0:1 - - [20/Jul/2022:16:46:03 +0800] "GET /Product.html HTTP/1.1" 200 951
0:0:0:0:0:0:0:1 - - [20/Jul/2022:16:46:14 +0800] "POST /Product.html HTTP/1.1" 200 951
0:0:0:0:0:0:0:1 - - [20/Jul/2022:16:46:15 +0800] "POST /Product.html HTTP/1.1" 200 951
0:0:0:0:0:0:0:1 - - [20/Jul/2022:16:46:15 +0800] "POST /Product.html HTTP/1.1" 200 951
0:0:0:0:0:0:0:1 - - [20/Jul/2022:16:46:15 +0800] "POST /Product.html HTTP/1.1" 200 951
0:0:0:0:0:0:0:1 - - [20/Jul/2022:16:46:15 +0800] "POST /Product.html HTTP/1.1" 200 951
0:0:0:0:0:0:0:1 - - [20/Jul/2022:16:46:15 +0800] "POST /Product.html HTTP/1.1" 200 951
0:0:0:0:0:0:0:1 - - [20/Jul/2022:16:46:17 +0800] "POST /Product.html HTTP/1.1" 200 951
0:0:0:0:0:0:0:1 - - [20/Jul/2022:16:46:18 +0800] "POST /Product.html HTTP/1.1" 200 951
0:0:0:0:0:0:0:1 - - [20/Jul/2022:16:46:18 +0800] "POST /Product.html HTTP/1.1" 200 951
127.0.0.1 - - [20/Jul/2022:16:47:51 +0800] "GET / HTTP/1.1" 200 816
0:0:0:0:0:0:0:1 - - [20/Jul/2022:16:47:51 +0800] "GET /Product.html HTTP/1.1" 200 953
0:0:0:0:0:0:0:1 - - [20/Jul/2022:16:47:55 +0800] "POST /s6 HTTP/1.1" 405 752
127.0.0.1 - - [20/Jul/2022:16:48:20 +0800] "GET / HTTP/1.1" 404 751
0:0:0:0:0:0:0:1 - - [20/Jul/2022:16:48:20 +0800] "GET /D3/Product.html HTTP/1.1" 200 953
0:0:0:0:0:0:0:1 - - [20/Jul/2022:16:48:23 +0800] "POST /D3/s6 HTTP/1.1" 405 752
127.0.0.1 - - [20/Jul/2022:17:00:33 +0800] "GET / HTTP/1.1" 404 751
0:0:0:0:0:0:0:1 - - [20/Jul/2022:17:00:33 +0800] "GET /D3/Product.html HTTP/1.1" 304 -
0:0:0:0:0:0:0:1 - - [20/Jul/2022:17:00:38 +0800] "POST /D3/s6 HTTP/1.1" 405 752
127.0.0.1 - - [20/Jul/2022:17:01:31 +0800] "GET / HTTP/1.1" 404 751
0:0:0:0:0:0:0:1 - - [20/Jul/2022:17:01:36 +0800] "POST /D3/s6 HTTP/1.1" 405 752
127.0.0.1 - - [20/Jul/2022:17:03:05 +0800] "GET / HTTP/1.1" 404 751
0:0:0:0:0:0:0:1 - - [20/Jul/2022:17:03:05 +0800] "GET /D3/Product.html HTTP/1.1" 304 -
0:0:0:0:0:0:0:1 - - [20/Jul/2022:17:03:10 +0800] "POST /D3/s6 HTTP/1.1" 200 -
0:0:0:0:0:0:0:1 - - [20/Jul/2022:17:20:09 +0800] "GET /D3/Product.html HTTP/1.1" 304 -
127.0.0.1 - - [20/Jul/2022:17:20:16 +0800] "GET / HTTP/1.1" 404 751
0:0:0:0:0:0:0:1 - - [20/Jul/2022:17:20:22 +0800] "POST /D3/s6 HTTP/1.1" 200 15
127.0.0.1 - - [20/Jul/2022:17:23:13 +0800] "GET / HTTP/1.1" 404 751
0:0:0:0:0:0:0:1 - - [20/Jul/2022:17:23:27 +0800] "POST /D3/s6 HTTP/1.1" 200 78
127.0.0.1 - - [20/Jul/2022:17:24:34 +0800] "GET / HTTP/1.1" 404 751
0:0:0:0:0:0:0:1 - - [20/Jul/2022:17:24:34 +0800] "GET /D3/Product.html HTTP/1.1" 200 956
0:0:0:0:0:0:0:1 - - [20/Jul/2022:17:24:44 +0800] "POST /D3/s6 HTTP/1.1" 200 72
127.0.0.1 - - [20/Jul/2022:17:25:19 +0800] "GET / HTTP/1.1" 404 751
0:0:0:0:0:0:0:1 - - [20/Jul/2022:17:25:20 +0800] "GET /D3/Product.html HTTP/1.1" 200 953
0:0:0:0:0:0:0:1 - - [20/Jul/2022:17:25:30 +0800] "POST /D3/s6 HTTP/1.1" 200 53
127.0.0.1 - - [20/Jul/2022:17:27:40 +0800] "GET / HTTP/1.1" 404 751
0:0:0:0:0:0:0:1 - - [20/Jul/2022:17:27:41 +0800] "GET /D3/Product.html HTTP/1.1" 200 956
0:0:0:0:0:0:0:1 - - [20/Jul/2022:17:27:51 +0800] "POST /D3/s6 HTTP/1.1" 200 53
127.0.0.1 - - [20/Jul/2022:17:28:22 +0800] "GET / HTTP/1.1" 404 751
0:0:0:0:0:0:0:1 - - [20/Jul/2022:17:28:22 +0800] "GET /D3/Product.html HTTP/1.1" 304 -
0:0:0:0:0:0:0:1 - - [20/Jul/2022:17:28:26 +0800] "POST /D3/s6 HTTP/1.1" 200 53
127.0.0.1 - - [20/Jul/2022:17:28:51 +0800] "GET / HTTP/1.1" 404 751
0:0:0:0:0:0:0:1 - - [20/Jul/2022:17:28:51 +0800] "GET /D3/Product.html HTTP/1.1" 304 -
0:0:0:0:0:0:0:1 - - [20/Jul/2022:17:28:54 +0800] "POST /D3/s6 HTTP/1.1" 200 52
127.0.0.1 - - [20/Jul/2022:17:29:42 +0800] "GET / HTTP/1.1" 404 751
0:0:0:0:0:0:0:1 - - [20/Jul/2022:17:29:42 +0800] "GET /D3/Product.html HTTP/1.1" 304 -
0:0:0:0:0:0:0:1 - - [20/Jul/2022:17:29:47 +0800] "POST /D3/s6 HTTP/1.1" 200 41
127.0.0.1 - - [20/Jul/2022:17:30:40 +0800] "GET / HTTP/1.1" 404 751
0:0:0:0:0:0:0:1 - - [20/Jul/2022:17:30:41 +0800] "GET /D3/Product.html HTTP/1.1" 304 -
0:0:0:0:0:0:0:1 - - [20/Jul/2022:17:30:45 +0800] "POST /D3/s6 HTTP/1.1" 200 41
127.0.0.1 - - [20/Jul/2022:17:31:06 +0800] "GET / HTTP/1.1" 404 751
0:0:0:0:0:0:0:1 - - [20/Jul/2022:17:31:06 +0800] "GET /D3/Product.html HTTP/1.1" 304 -
0:0:0:0:0:0:0:1 - - [20/Jul/2022:17:31:09 +0800] "POST /D3/s6 HTTP/1.1" 200 41
127.0.0.1 - - [20/Jul/2022:17:41:45 +0800] "GET / HTTP/1.1" 404 751
0:0:0:0:0:0:0:1 - - [20/Jul/2022:17:41:46 +0800] "GET /D3/Product.html HTTP/1.1" 304 -
0:0:0:0:0:0:0:1 - - [20/Jul/2022:17:41:50 +0800] "POST /D3/s6 HTTP/1.1" 200 41
